// Vitest Snapshot v1, https://vitest.dev/guide/snapshot.html

exports[`golden: argument domain > every JS-only input, the exported tables and the error shape 1`] = `
[
  "makeFromUtf8("x", { version: "bogus" }) → throw LifeHashError(InvalidVersion): version must be a LifeHash version name, got string "bogus"",
  "makeFromUtf8("x", { version: "Version2" }) → throw LifeHashError(InvalidVersion): version must be a LifeHash version name, got string "Version2"",
  "makeFromUtf8("x", { version: 1 }) → throw LifeHashError(InvalidVersion): version must be a LifeHash version name, got 1",
  "makeFromUtf8("x", { version: undefined }) → image 32x32 ch3 97334c1e0b8c5f8f",
  "makeFromUtf8(undefined) → throw LifeHashError(InvalidArgument): text must be a string, got undefined",
  "makeFromUtf8(null) → throw LifeHashError(InvalidArgument): text must be a string, got null",
  "makeFromUtf8(123) → throw LifeHashError(InvalidArgument): text must be a string, got 123",
  "makeFromUtf8(new Uint8Array(1)) → throw LifeHashError(InvalidArgument): text must be a string, got Uint8Array",
  "makeFromUtf8("\\ud800") equals makeFromUtf8("\\ufffd") → true",
  "makeFromData(undefined) → throw LifeHashError(InvalidArgument): data must be a Uint8Array, got undefined",
  "makeFromData(null) → throw LifeHashError(InvalidArgument): data must be a Uint8Array, got null",
  "makeFromData("x") → throw LifeHashError(InvalidArgument): data must be a Uint8Array, got string "x"",
  "makeFromData(123) → throw LifeHashError(InvalidArgument): data must be a Uint8Array, got 123",
  "makeFromData([1, 2, 3]) → throw LifeHashError(InvalidArgument): data must be a Uint8Array, got Array(3)",
  "makeFromData(new Uint16Array(2)) → throw LifeHashError(InvalidArgument): data must be a Uint8Array, got Uint16Array",
  "makeFromData(Buffer.from("x")) equals makeFromUtf8("x") → true",
  "makeFromUtf8("x", null) → throw LifeHashError(InvalidArgument): options must be an object, got null",
  "makeFromUtf8("x", 5) → throw LifeHashError(InvalidArgument): options must be an object, got 5",
  "makeFromUtf8("x", { hasAlpha: 1 }) → throw LifeHashError(InvalidArgument): hasAlpha must be a boolean, got 1",
  "makeFromUtf8("x", { hasAlpha: "yes" }) → throw LifeHashError(InvalidArgument): hasAlpha must be a boolean, got string "yes"",
  "makeFromUtf8("x", { hasAlpha: 0 }) → throw LifeHashError(InvalidArgument): hasAlpha must be a boolean, got 0",
  "makeFromUtf8("x", { hasAlpha: null }) → throw LifeHashError(InvalidArgument): hasAlpha must be a boolean, got null",
  "makeFromUtf8("x", { moduleSize: "2" }) → throw LifeHashError(InvalidModuleSize): moduleSize must be a positive integer, got string "2"",
  "makeFromUtf8("x", { moduleSize: 2n }) → throw LifeHashError(InvalidModuleSize): moduleSize must be a positive integer, got bigint 2n",
  "makeFromUtf8("x", { moduleSize: Infinity }) → throw LifeHashError(InvalidModuleSize): moduleSize must be a positive integer, got Infinity",
  "makeFromUtf8("x", { moduleSize: -0 }) → throw LifeHashError(InvalidModuleSize): moduleSize must be a positive integer, got 0",
  "makeFromUtf8("x", { moduleSize: 2 ** 31 }) → throw LifeHashError(InvalidModuleSize): moduleSize must be at most 1712317 for version2 RGB, got 2147483648",
  "makeFromDigest("x".repeat(32)) → throw LifeHashError(InvalidArgument): digest must be a Uint8Array, got string "xxxxxxxxxxxxxxxxxxxxxxxxxxxxxxxx"",
  "makeFromDigest("00".repeat(32)) → throw LifeHashError(InvalidArgument): digest must be a Uint8Array, got string "0000000000000000000000000000000000000000000000000000000000000000"",
  "makeFromDigest(Array(32).fill(300)) → throw LifeHashError(InvalidArgument): digest must be a Uint8Array, got Array(32)",
  "makeFromDigest(Array(32).fill(44)) → throw LifeHashError(InvalidArgument): digest must be a Uint8Array, got Array(32)",
  "makeFromDigest(Array(32).fill("7")) → throw LifeHashError(InvalidArgument): digest must be a Uint8Array, got Array(32)",
  "makeFromDigest(Array(32).fill(NaN)) → throw LifeHashError(InvalidArgument): digest must be a Uint8Array, got Array(32)",
  "makeFromDigest({ length: 32 }) → throw LifeHashError(InvalidArgument): digest must be a Uint8Array, got Object",
  "makeFromDigest(new ArrayBuffer(32)) → throw LifeHashError(InvalidArgument): digest must be a Uint8Array, got ArrayBuffer",
  "makeFromDigest(undefined) → throw LifeHashError(InvalidArgument): digest must be a Uint8Array, got undefined",
  "makeFromDigest(new Uint8Array(31)) → throw LifeHashError(InvalidDigestLength): digest must be 32 bytes, got 31",
  "makeFromDigest(new Uint8Array(33)) → throw LifeHashError(InvalidDigestLength): digest must be 32 bytes, got 33",
  "makeFromDigest(bytes32(9)) equals a subarray view → true",
  "makeFromDigest(bytes32()) equals Buffer.alloc(32) → true",
  "Object.isFrozen(LifeHashVersion) → true",
  "Object.isFrozen(LifeHashErrorCode) → true",
  "Object.isFrozen(makeFromUtf8("x")) → true",
  "colors is a whole ArrayBuffer → true",
  "isLifeHashError of a same-shaped error from another copy → true",
  "error own keys → ["code","details","name"]",
  "exports → ["LifeHashError","LifeHashErrorCode","LifeHashVersion","makeFromData","makeFromDigest","makeFromUtf8"]",
]
`;
