// Vitest Snapshot v1, https://vitest.dev/guide/snapshot.html

exports[`golden: argument domain > every JS-only input, the exported tables and the error shape 1`] = `
[
  "lifehash("x", { version: "bogus" }) → throw LifeHashError(InvalidVersion): version must be a LifeHash version name, got string "bogus"",
  "lifehash("x", { version: "Version2" }) → throw LifeHashError(InvalidVersion): version must be a LifeHash version name, got string "Version2"",
  "lifehash("x", { version: 1 }) → throw LifeHashError(InvalidVersion): version must be a LifeHash version name, got 1",
  "lifehash("x", { version: undefined }) → image 32x32 ch3 97334c1e0b8c5f8f",
  "lifehash(undefined) → throw LifeHashError(InvalidArgument): input must be a string or a Uint8Array, got undefined",
  "lifehash(null) → throw LifeHashError(InvalidArgument): input must be a string or a Uint8Array, got null",
  "lifehash(123) → throw LifeHashError(InvalidArgument): input must be a string or a Uint8Array, got 123",
  "lifehash([1, 2, 3]) → throw LifeHashError(InvalidArgument): input must be a string or a Uint8Array, got Array(3)",
  "lifehash(new Uint16Array(2)) → throw LifeHashError(InvalidArgument): input must be a string or a Uint8Array, got Uint16Array",
  "lifehash(Buffer.from("x")) equals lifehash("x") → true",
  "lifehash("x", null) → throw LifeHashError(InvalidArgument): options must be an object, got null",
  "lifehash("x", 5) → throw LifeHashError(InvalidArgument): options must be an object, got 5",
  "lifehash("x", { alpha: 1 }) → throw LifeHashError(InvalidArgument): alpha must be a boolean, got 1",
  "lifehash("x", { alpha: "yes" }) → throw LifeHashError(InvalidArgument): alpha must be a boolean, got string "yes"",
  "lifehash("x", { alpha: 0 }) → throw LifeHashError(InvalidArgument): alpha must be a boolean, got 0",
  "lifehash("x", { alpha: null }) → throw LifeHashError(InvalidArgument): alpha must be a boolean, got null",
  "lifehash("x", { moduleSize: "2" }) → throw LifeHashError(InvalidModuleSize): moduleSize must be a positive integer, got string "2"",
  "lifehash("x", { moduleSize: 2n }) → throw LifeHashError(InvalidModuleSize): moduleSize must be a positive integer, got bigint 2n",
  "lifehash("x", { moduleSize: Infinity }) → throw LifeHashError(InvalidModuleSize): moduleSize must be a positive integer, got Infinity",
  "lifehash("x", { moduleSize: -0 }) → throw LifeHashError(InvalidModuleSize): moduleSize must be a positive integer, got 0",
  "lifehash("x", { moduleSize: 2 ** 31 }) → throw LifeHashError(InvalidModuleSize): moduleSize must be at most 836 for version2 RGB, got 2147483648",
  "lifehash("x", { moduleSize: 363, version: "detailed", alpha: true }) → throw LifeHashError(InvalidModuleSize): moduleSize must be at most 362 for detailed RGBA, got 363",
  "lifehashFromDigest("x".repeat(32)) → throw LifeHashError(InvalidArgument): digest must be a Uint8Array, got string "xxxxxxxxxxxxxxxxxxxxxxxxxxxxxxxx"",
  "lifehashFromDigest("00".repeat(32)) → throw LifeHashError(InvalidArgument): digest must be a Uint8Array, got string "0000000000000000000000000000000000000000000000000000000000000000"",
  "lifehashFromDigest(Array(32).fill(300)) → throw LifeHashError(InvalidArgument): digest must be a Uint8Array, got Array(32)",
  "lifehashFromDigest(Array(32).fill(44)) → throw LifeHashError(InvalidArgument): digest must be a Uint8Array, got Array(32)",
  "lifehashFromDigest(Array(32).fill("7")) → throw LifeHashError(InvalidArgument): digest must be a Uint8Array, got Array(32)",
  "lifehashFromDigest(Array(32).fill(NaN)) → throw LifeHashError(InvalidArgument): digest must be a Uint8Array, got Array(32)",
  "lifehashFromDigest({ length: 32 }) → throw LifeHashError(InvalidArgument): digest must be a Uint8Array, got Object",
  "lifehashFromDigest(new ArrayBuffer(32)) → throw LifeHashError(InvalidArgument): digest must be a Uint8Array, got ArrayBuffer",
  "lifehashFromDigest(undefined) → throw LifeHashError(InvalidArgument): digest must be a Uint8Array, got undefined",
  "lifehashFromDigest(new Uint8Array(31)) → throw LifeHashError(InvalidDigestLength): digest must be 32 bytes, got 31",
  "lifehashFromDigest(new Uint8Array(33)) → throw LifeHashError(InvalidDigestLength): digest must be 32 bytes, got 33",
  "lifehashFromDigest(bytes32(9)) equals a subarray view → true",
  "lifehashFromDigest(bytes32()) equals Buffer.alloc(32) → true",
  "lifehash("\\ud800") equals lifehash("\\ufffd") → true",
  "Object.isFrozen(LifeHashVersion) → true",
  "Object.isFrozen(LifeHashErrorCode) → true",
  "Object.isFrozen(lifehash("x")) → true",
  "pixels is a whole ArrayBuffer → true",
  "isLifeHashError of a same-shaped error from another copy → true",
  "error own keys → ["code","details","name"]",
  "exports → ["LifeHashError","LifeHashErrorCode","LifeHashVersion","lifehash","lifehashFromDigest"]",
]
`;
